// Jest Snapshot v1, https://goo.gl/fbAQLP

exports[`CvToggle CvToggle - should render formItem: default 1`] = `<div class="bx--form-item"><input id="test-1" role="toggle" class="bx--toggle-input" type="checkbox" value="check-1"><label class="bx--toggle-input__label" for="test-1">Toggle element <span class="bx--toggle__switch"><svg class="bx--toggle__check" width="6px" height="5px" viewBox="0 0 6 5"><path d="M2.2 2.7L5 0 6 1 2.2 5 0 2.7 1 1.5z"></path></svg><span class="bx--toggle__text--off" aria-hidden="true">Off</span><span class="bx--toggle__text--on" aria-hidden="true">On</span></span></label></div>`;

exports[`CvToggle CvToggle - should render when formItem: false && small && hideLabel 1`] = `<div class="" disabled="true"><input id="test-1" role="toggle" disabled="" class="bx--toggle-input bx--toggle-input--small" type="checkbox" value="check-1"><label class="bx--toggle-input__label" for="test-1" aria-label="Toggle element"> <span class="bx--toggle__switch"><svg class="bx--toggle__check" width="6px" height="5px" viewBox="0 0 6 5"><path d="M2.2 2.7L5 0 6 1 2.2 5 0 2.7 1 1.5z"></path></svg><span class="bx--toggle__text--off" aria-hidden="true">Off</span><span class="bx--toggle__text--on" aria-hidden="true">On</span></span></label></div>`;

exports[`CvToggle CvToggle - should render when formItem: true && disabled 1`] = `<div class="bx--form-item" disabled="true"><input id="test-1" role="toggle" disabled="" class="bx--toggle-input" type="checkbox" value="check-1"><label class="bx--toggle-input__label" for="test-1">Toggle element <span class="bx--toggle__switch"><svg class="bx--toggle__check" width="6px" height="5px" viewBox="0 0 6 5"><path d="M2.2 2.7L5 0 6 1 2.2 5 0 2.7 1 1.5z"></path></svg><span class="bx--toggle__text--off" aria-hidden="true">Off</span><span class="bx--toggle__text--on" aria-hidden="true">On</span></span></label></div>`;
